
> liase-saas-backend@1.0.0 test
> jest tests/unit/isolation.test.js

  console.log
    Checking for existing role: { roleName: 'pharmacovigilance', organizationId: 'org-123' }

      at RoleService.log [as getRoleByName] (src/services/roleService.js:133:15)
          at Array.map (<anonymous>)

  console.log
    Found 1 roles with name 'pharmacovigilance'

      at RoleService.log [as getRoleByName] (src/services/roleService.js:135:15)
          at async Promise.all (index 0)

  console.log
    Existing role details: {
      id: 'user-1',
      name: undefined,
      isActive: undefined,
      organizationId: 'org-123'
    }

      at RoleService.log [as getRoleByName] (src/services/roleService.js:138:17)
          at async Promise.all (index 0)

node.exe : FAIL 
tests/unit/isolation.test.js
At C:\Program Files\nodejs\npm.ps1:29 
char:3
+   & $NODE_EXE $NPM_CLI_JS $args
+   ~~~~~~~~~~~~~~~~~~~~~~~~~~~~~
    + CategoryInfo          : NotSpecified 
   : (FAIL tests/unit/isolation.test.js:S  
  tring) [], RemoteException
    + FullyQualifiedErrorId : NativeComman 
   dError
 
  Data Isolation Unit Tests
    UserService
      ├ù getUsersByOrganization should 
filter by organizationId (48 ms)
      ΓêÜ getAllUsers should NOT filter by 
organizationId (2 ms)
    RoleService
      ├ù getRolesByOrganization should 
filter by organizationId (1 ms)
      ΓêÜ getAllRoles should NOT filter by 
organizationId (1 ms)

  ΓùÅ Data Isolation Unit Tests ΓÇ║ 
UserService ΓÇ║ getUsersByOrganization 
should filter by organizationId

    expect(jest.fn()).toHaveBeenCalledTimes
(expected)

    Expected number of calls: 1
    Received number of calls: 2

    [0m [90m 26 |[39m             
[36mawait[39m userService[33m.[39mgetUs
ersByOrganization(orgId)[33m;[39m
     [90m 27 |[39m
    [31m[1m>[22m[39m[90m 28 |[39m    
         expect(cosmosService[33m.[39mque
ryItems)[33m.[39mtoHaveBeenCalledTimes([
35m1[39m)[33m;[39m
     [90m    |[39m                       
                       [31m[1m^[22m[39m
     [90m 29 |[39m             
[36mconst[39m [container[33m,[39m 
query[33m,[39m params] [33m=[39m cosmos
Service[33m.[39mqueryItems[33m.[39mmock
[33m.[39mcalls[[35m0[39m][33m;[39m
     [90m 30 |[39m
     [90m 31 |[39m             expect(con
tainer)[33m.[39mtoBe([32m'users'[39m)[
33m;[39m[0m

      at Object.toHaveBeenCalledTimes 
(tests/unit/isolation.test.js:28:46)

  ΓùÅ Data Isolation Unit Tests ΓÇ║ 
RoleService ΓÇ║ getRolesByOrganization 
should filter by organizationId

    expect(received).toContain(expected) 
// indexOf

    Expected substring: "WHERE 
c.organizationId = @organizationId"
    Received string:    "
            SELECT * FROM c┬╖
            WHERE c.type = 'role'┬╖
            AND c.organizationId = 
@organizationId┬╖
            AND c.isActive = true
            ORDER BY c.displayName ASC
          "

    [0m [90m 65 |[39m
     [90m 66 |[39m             expect(con
tainer)[33m.[39mtoBe([32m'roles'[39m)[
33m;[39m
    [31m[1m>[22m[39m[90m 67 |[39m    
         expect(query)[33m.[39mtoContain(
[32m'WHERE c.organizationId = 
@organizationId'[39m)[33m;[39m
     [90m    |[39m                       
    [31m[1m^[22m[39m
     [90m 68 |[39m             expect(par
ams)[33m.[39mtoEqual(expect[33m.[39marr
ayContaining([
     [90m 69 |[39m                 { 
name[33m:[39m 
[32m'@organizationId'[39m[33m,[39m 
value[33m:[39m orgId }
     [90m 70 |[39m             
]))[33m;[39m[0m

      at Object.toContain 
(tests/unit/isolation.test.js:67:27)

Test Suites: 1 failed, 1 total
Tests:       2 failed, 2 passed, 4 total
Snapshots:   0 total
Time:        0.874 s, estimated 1 s
Ran all test suites matching 
/tests\\unit\\isolation.test.js/i.
